// Jest Snapshot v1, https://goo.gl/fbAQLP

exports[`<HomePage /> should render and match the snapshot 1`] = `
<div
  style="text-align: center;"
>
  <h1>
    Ecom Freedom Homepage
  </h1>
  <button
    class="MuiButtonBase-root MuiButton-root MuiButton-contained MuiButton-containedPrimary"
    tabindex="0"
    type="button"
  >
    <span
      class="MuiButton-label"
    >
      Login
    </span>
    <span
      class="MuiTouchRipple-root"
    />
  </button>
</div>
`;
